info  Running SUSHI v3.20.0 (implements FHIR Shorthand specification v3.0.0)
info  Arguments:
info    /Users/thome/code/fhir-profiling/kerndatensatzmodul-onkologie
info  No output path specified. Output to .
info  Using configuration file: /Users/thome/code/fhir-profiling/kerndatensatzmodul-onkologie/sushi-config.yaml
info  Importing FSH text...
info  Preprocessed 407 documents with 113 aliases.
info  Imported 256 definitions and 357 instances.
info  Loaded virtual package sushi-r5forR4#1.0.0 with 7 resources
info  Resolved hl7.fhir.uv.tools.r4#latest to concrete version 1.1.2
info  Loaded hl7.fhir.uv.tools.r4#1.1.2 with 119 resources
info  Loaded hl7.terminology.r4#7.3.0 with 4176 resources
info  Loaded de.basisprofil.r4#1.5.4 with 168 resources
info  Loaded de.medizininformatikinitiative.kerndatensatz.meta#2026.0.0 with 173 resources
info  Loaded hl7.fhir.uv.xver-r5.r4#0.1.0 with 4707 resources
info  Loaded hl7.fhir.uv.crmi#2.0.0 with 123 resources
info  Attempting to download de.medizininformatikinitiative.kerndatensatz.base#2026.0.0 from https://packages.fhir.org/de.medizininformatikinitiative.kerndatensatz.base/2026.0.0
info  Downloaded de.medizininformatikinitiative.kerndatensatz.base#2026.0.0
info  Cached de.medizininformatikinitiative.kerndatensatz.base#2026.0.0 to /Users/thome/.fhir/packages/de.medizininformatikinitiative.kerndatensatz.base#2026.0.0
info  Loaded de.medizininformatikinitiative.kerndatensatz.base#2026.0.0 with 37 resources
info  Loaded de.medizininformatikinitiative.kerndatensatz.biobank#2026.0.1 with 42 resources
info  Loaded de.medizininformatikinitiative.kerndatensatz.medikation#2026.0.1 with 16 resources
info  Loaded de.medizininformatikinitiative.kerndatensatz.molgen#2026.0.4 with 33 resources
info  Loaded de.medizininformatikinitiative.kerndatensatz.studie#2026.0.2 with 45 resources
info  Loaded hl7.fhir.r4.core#4.0.1 with 4581 resources
info  Loaded hl7.fhir.uv.extensions.r4#5.3.0 with 885 resources
info  Found 1 non-JSON / non-XML file(s) in directory: /Users/thome/code/fhir-profiling/kerndatensatzmodul-onkologie/input/resources. Only resource files with JSON or XML extensions are supported. To see the skipped files in the logs, use debug logging.
info  Loaded virtual package sushi-local#LOCAL with 1 resources
info  Converting FSH to FHIR resources...
warn  SUSHI tried to find profile http://hl7.org/fhir/uv/genomics-reporting/StructureDefinition/coded-annotation but could not find it and instead will try to use Annotation
info  Converted 96 FHIR StructureDefinitions.
info  Converted 46 FHIR CodeSystems.
info  Converted 114 FHIR ValueSets.
error Element Observation.value[x].coding:uicc.code has minimum cardinality 1 but occurs 0 time(s).
  File: /Users/thome/code/fhir-profiling/kerndatensatzmodul-onkologie/input/fsh/example-patient-1.fsh
  Line: 311 - 322
warn  TNM-T-Observation-2 has an array item that matches a required slice, but does not use the slice name in its path. This may result in unexpected items in your array. If the item is intended to be in the slice, modify your FSH to use the slice name in the item's path. See: https://hl7.org/fhir/uv/shorthand/reference.html#sliced-array-paths
  Path:  Observation.value[x].coding
  Slice: uicc
  Value: {"code":"T3c","system":"https://www.uicc.org/resources/tnm"}
  File: /Users/thome/code/fhir-profiling/kerndatensatzmodul-onkologie/input/fsh/example-patient-1.fsh
  Line: 311 - 322
error Element Observation.value[x].coding:uicc.code has minimum cardinality 1 but occurs 0 time(s).
  File: /Users/thome/code/fhir-profiling/kerndatensatzmodul-onkologie/input/fsh/example-patient-1.fsh
  Line: 324 - 335
warn  TNM-M-Observation-2 has an array item that matches a required slice, but does not use the slice name in its path. This may result in unexpected items in your array. If the item is intended to be in the slice, modify your FSH to use the slice name in the item's path. See: https://hl7.org/fhir/uv/shorthand/reference.html#sliced-array-paths
  Path:  Observation.value[x].coding
  Slice: uicc
  Value: {"code":"M1b","system":"https://www.uicc.org/resources/tnm"}
  File: /Users/thome/code/fhir-profiling/kerndatensatzmodul-onkologie/input/fsh/example-patient-1.fsh
  Line: 324 - 335
error Element Observation.value[x].coding:uicc.code has minimum cardinality 1 but occurs 0 time(s).
  File: /Users/thome/code/fhir-profiling/kerndatensatzmodul-onkologie/input/fsh/oBDS/18_19_Tumorkonferenz/mii-exa-onko-folfox-recommendation.fsh
  Line: 188 - 203
warn  mii-exa-onko-colorectal-tnm-t has an array item that matches a required slice, but does not use the slice name in its path. This may result in unexpected items in your array. If the item is intended to be in the slice, modify your FSH to use the slice name in the item's path. See: https://hl7.org/fhir/uv/shorthand/reference.html#sliced-array-paths
  Path:  Observation.value[x].coding
  Slice: uicc
  Value: {"system":"https://www.uicc.org/resources/tnm","code":"T3"}
  File: /Users/thome/code/fhir-profiling/kerndatensatzmodul-onkologie/input/fsh/oBDS/18_19_Tumorkonferenz/mii-exa-onko-folfox-recommendation.fsh
  Line: 188 - 203
error Element Observation.value[x].coding:uicc.code has minimum cardinality 1 but occurs 0 time(s).
  File: /Users/thome/code/fhir-profiling/kerndatensatzmodul-onkologie/input/fsh/oBDS/18_19_Tumorkonferenz/mii-exa-onko-folfox-recommendation.fsh
  Line: 206 - 221
warn  mii-exa-onko-colorectal-tnm-n has an array item that matches a required slice, but does not use the slice name in its path. This may result in unexpected items in your array. If the item is intended to be in the slice, modify your FSH to use the slice name in the item's path. See: https://hl7.org/fhir/uv/shorthand/reference.html#sliced-array-paths
  Path:  Observation.value[x].coding
  Slice: uicc
  Value: {"system":"https://www.uicc.org/resources/tnm","code":"N1"}
  File: /Users/thome/code/fhir-profiling/kerndatensatzmodul-onkologie/input/fsh/oBDS/18_19_Tumorkonferenz/mii-exa-onko-folfox-recommendation.fsh
  Line: 206 - 221
error Element Observation.value[x].coding:uicc.code has minimum cardinality 1 but occurs 0 time(s).
  File: /Users/thome/code/fhir-profiling/kerndatensatzmodul-onkologie/input/fsh/oBDS/18_19_Tumorkonferenz/mii-exa-onko-folfox-recommendation.fsh
  Line: 224 - 239
warn  mii-exa-onko-colorectal-tnm-m has an array item that matches a required slice, but does not use the slice name in its path. This may result in unexpected items in your array. If the item is intended to be in the slice, modify your FSH to use the slice name in the item's path. See: https://hl7.org/fhir/uv/shorthand/reference.html#sliced-array-paths
  Path:  Observation.value[x].coding
  Slice: uicc
  Value: {"system":"https://www.uicc.org/resources/tnm","code":"M0"}
  File: /Users/thome/code/fhir-profiling/kerndatensatzmodul-onkologie/input/fsh/oBDS/18_19_Tumorkonferenz/mii-exa-onko-folfox-recommendation.fsh
  Line: 224 - 239
error Element Observation.value[x].coding:uicc.code has minimum cardinality 1 but occurs 0 time(s).
  File: /Users/thome/code/fhir-profiling/kerndatensatzmodul-onkologie/input/fsh/oBDS/18_19_Tumorkonferenz/mii-exa-onko-folfox-modification.fsh
  Line: 74 - 87
warn  mii-exa-onko-ascending-colon-tnm-t has an array item that matches a required slice, but does not use the slice name in its path. This may result in unexpected items in your array. If the item is intended to be in the slice, modify your FSH to use the slice name in the item's path. See: https://hl7.org/fhir/uv/shorthand/reference.html#sliced-array-paths
  Path:  Observation.value[x].coding
  Slice: uicc
  Value: {"system":"https://www.uicc.org/resources/tnm","code":"T3"}
  File: /Users/thome/code/fhir-profiling/kerndatensatzmodul-onkologie/input/fsh/oBDS/18_19_Tumorkonferenz/mii-exa-onko-folfox-modification.fsh
  Line: 74 - 87
error Element Observation.value[x].coding:uicc.code has minimum cardinality 1 but occurs 0 time(s).
  File: /Users/thome/code/fhir-profiling/kerndatensatzmodul-onkologie/input/fsh/oBDS/18_19_Tumorkonferenz/mii-exa-onko-folfox-modification.fsh
  Line: 90 - 103
warn  mii-exa-onko-ascending-colon-tnm-n has an array item that matches a required slice, but does not use the slice name in its path. This may result in unexpected items in your array. If the item is intended to be in the slice, modify your FSH to use the slice name in the item's path. See: https://hl7.org/fhir/uv/shorthand/reference.html#sliced-array-paths
  Path:  Observation.value[x].coding
  Slice: uicc
  Value: {"system":"https://www.uicc.org/resources/tnm","code":"N1"}
  File: /Users/thome/code/fhir-profiling/kerndatensatzmodul-onkologie/input/fsh/oBDS/18_19_Tumorkonferenz/mii-exa-onko-folfox-modification.fsh
  Line: 90 - 103
error Element Observation.value[x].coding:uicc.code has minimum cardinality 1 but occurs 0 time(s).
  File: /Users/thome/code/fhir-profiling/kerndatensatzmodul-onkologie/input/fsh/oBDS/18_19_Tumorkonferenz/mii-exa-onko-folfox-modification.fsh
  Line: 106 - 119
warn  mii-exa-onko-ascending-colon-tnm-m has an array item that matches a required slice, but does not use the slice name in its path. This may result in unexpected items in your array. If the item is intended to be in the slice, modify your FSH to use the slice name in the item's path. See: https://hl7.org/fhir/uv/shorthand/reference.html#sliced-array-paths
  Path:  Observation.value[x].coding
  Slice: uicc
  Value: {"system":"https://www.uicc.org/resources/tnm","code":"M0"}
  File: /Users/thome/code/fhir-profiling/kerndatensatzmodul-onkologie/input/fsh/oBDS/18_19_Tumorkonferenz/mii-exa-onko-folfox-modification.fsh
  Line: 106 - 119
info  Converted 357 FHIR instances.
info  Exporting FHIR resources as JSON...
info  Exported 613 FHIR resources as JSON.
info  Assembling Implementation Guide sources...
info  Generated ImplementationGuide-mii-ig-onko-de-v2026.json
info  Assembled Implementation Guide sources; ready for IG Publisher.

========================= SUSHI RESULTS ===========================
|  -------------------------------------------------------------  |
| |    Profiles   |  Extensions  |   Logicals   |   Resources   | |
| |-------------------------------------------------------------| |
| |      75       |      18      |      3       |       0       | |
|  -------------------------------------------------------------  |
|  -------------------------------------------------------------  |
| |      ValueSets     |    CodeSystems    |     Instances      | |
| |-------------------------------------------------------------| |
| |        114         |        46         |        357         | |
|  -------------------------------------------------------------  |
|                                                                 |
===================================================================
| Some-fin went wrong...                 8 Errors      9 Warnings |
===================================================================
|    You are using SUSHI version 3.20.0, but the latest stable    |
| release is version 3.20.1. To install the latest release, run:  |
|                    npm install -g fsh-sushi                     |
===================================================================

